000000  a9bf7bfd  stp [Reg(Reg { class: X, num: 29, is_sp: false }), Reg(Reg { class: X, num: 30, is_sp: false }), Mem(Mem { base: Reg { class: X, num: 31, is_sp: true }, addr: PreIndex(-16) })]
000004  910003fd  mov [Reg(Reg { class: X, num: 29, is_sp: false }), Reg(Reg { class: X, num: 31, is_sp: true })]
000008  d10083ff  sub [Reg(Reg { class: X, num: 31, is_sp: true }), Reg(Reg { class: X, num: 31, is_sp: true }), Imm(32)]
00000c  f81f83a0  str [Reg(Reg { class: X, num: 0, is_sp: false }), Mem(Mem { base: Reg { class: X, num: 29, is_sp: false }, addr: Offset(-8) })]
000010  aa0003f5  mov [Reg(Reg { class: X, num: 21, is_sp: false }), Reg(Reg { class: X, num: 0, is_sp: false })]
000014  f81f03a1  str [Reg(Reg { class: X, num: 1, is_sp: false }), Mem(Mem { base: Reg { class: X, num: 29, is_sp: false }, addr: Offset(-16) })]
000018  aa0103f6  mov [Reg(Reg { class: X, num: 22, is_sp: false }), Reg(Reg { class: X, num: 1, is_sp: false })]
00001c  f81e83a2  str [Reg(Reg { class: X, num: 2, is_sp: false }), Mem(Mem { base: Reg { class: X, num: 29, is_sp: false }, addr: Offset(-24) })]
000020  aa0203f7  mov [Reg(Reg { class: X, num: 23, is_sp: false }), Reg(Reg { class: X, num: 2, is_sp: false })]
000024  f24006df  tst [Reg(Reg { class: X, num: 22, is_sp: false }), Imm(3)]
000028  54000001  b.Ne L5
00002c  f24006ff  tst [Reg(Reg { class: X, num: 23, is_sp: false }), Imm(3)]
000030  54000001  b.Ne L5
000034  eb1702df  cmp [Reg(Reg { class: X, num: 22, is_sp: false }), Reg(Reg { class: X, num: 23, is_sp: false })]
000038  5400000c  b.Gt L1
00003c  14000000  b L2
000040  d43bc000  <raw>
000044  eb1602e0  subs [Reg(Reg { class: X, num: 0, is_sp: false }), Reg(Reg { class: X, num: 23, is_sp: false }), Reg(Reg { class: X, num: 22, is_sp: false })]
000048  54000006  b.Vs L9
00004c  aa0003f8  mov [Reg(Reg { class: X, num: 24, is_sp: false }), Reg(Reg { class: X, num: 0, is_sp: false })]
000050  f81e03b8  str [Reg(Reg { class: X, num: 24, is_sp: false }), Mem(Mem { base: Reg { class: X, num: 29, is_sp: false }, addr: Offset(-32) })]
000054  14000000  b L3
000058  d43bc000  <raw>
00005c  eb1702c0  subs [Reg(Reg { class: X, num: 0, is_sp: false }), Reg(Reg { class: X, num: 22, is_sp: false }), Reg(Reg { class: X, num: 23, is_sp: false })]
000060  54000006  b.Vs L7
000064  aa0003f8  mov [Reg(Reg { class: X, num: 24, is_sp: false }), Reg(Reg { class: X, num: 0, is_sp: false })]
000068  f81e03b8  str [Reg(Reg { class: X, num: 24, is_sp: false }), Mem(Mem { base: Reg { class: X, num: 29, is_sp: false }, addr: Offset(-32) })]
00006c  aa1803e0  mov [Reg(Reg { class: X, num: 0, is_sp: false }), Reg(Reg { class: X, num: 24, is_sp: false })]
000070  14000000  b L10
000074  d43bc000  <raw>
000078  aa1503e0  mov [Reg(Reg { class: X, num: 0, is_sp: false }), Reg(Reg { class: X, num: 21, is_sp: false })]
00007c  14000000  b L10
000080  910003bf  mov [Reg(Reg { class: X, num: 31, is_sp: true }), Reg(Reg { class: X, num: 29, is_sp: false })]
000084  a8c17bfd  ldp [Reg(Reg { class: X, num: 29, is_sp: false }), Reg(Reg { class: X, num: 30, is_sp: false }), Mem(Mem { base: Reg { class: X, num: 31, is_sp: true }, addr: PostIndex(16) })]
000088  d65f03c0  ret []
