000000  a9bf7bfd  stp [Reg(Reg { class: X, num: 29, is_sp: false }), Reg(Reg { class: X, num: 30, is_sp: false }), Mem(Mem { base: Reg { class: X, num: 31, is_sp: true }, addr: PreIndex(-16) })]
000004  910003fd  mov [Reg(Reg { class: X, num: 29, is_sp: false }), Reg(Reg { class: X, num: 31, is_sp: true })]
000008  aa0103e2  mov [Reg(Reg { class: X, num: 2, is_sp: false }), Reg(Reg { class: X, num: 1, is_sp: false })]
00000c  d2800783  movz [Reg(Reg { class: X, num: 3, is_sp: false }), Imm(60)]
000010  f240045f  tst [Reg(Reg { class: X, num: 2, is_sp: false }), Imm(3)]
000014  54000001  b.Ne L2
000018  f240047f  tst [Reg(Reg { class: X, num: 3, is_sp: false }), Imm(3)]
00001c  54000001  b.Ne L2
000020  8a030044  and [Reg(Reg { class: X, num: 4, is_sp: false }), Reg(Reg { class: X, num: 2, is_sp: false }), Reg(Reg { class: X, num: 3, is_sp: false })]
000024  aa0103e3  mov [Reg(Reg { class: X, num: 3, is_sp: false }), Reg(Reg { class: X, num: 1, is_sp: false })]
000028  58000001  ldr Reg { class: X, num: 1, is_sp: false }, =lit3
00002c  f240047f  tst [Reg(Reg { class: X, num: 3, is_sp: false }), Imm(3)]
000030  54000001  b.Ne L2
000034  f240043f  tst [Reg(Reg { class: X, num: 1, is_sp: false }), Imm(3)]
000038  54000001  b.Ne L2
00003c  ca010062  eor [Reg(Reg { class: X, num: 2, is_sp: false }), Reg(Reg { class: X, num: 3, is_sp: false }), Reg(Reg { class: X, num: 1, is_sp: false })]
000040  f240049f  tst [Reg(Reg { class: X, num: 4, is_sp: false }), Imm(3)]
000044  54000001  b.Ne L2
000048  f240045f  tst [Reg(Reg { class: X, num: 2, is_sp: false }), Imm(3)]
00004c  54000001  b.Ne L2
000050  aa020081  orr [Reg(Reg { class: X, num: 1, is_sp: false }), Reg(Reg { class: X, num: 4, is_sp: false }), Reg(Reg { class: X, num: 2, is_sp: false })]
000054  58000002  ldr Reg { class: X, num: 2, is_sp: false }, =lit3
000058  f240043f  tst [Reg(Reg { class: X, num: 1, is_sp: false }), Imm(3)]
00005c  54000001  b.Ne L2
000060  f240045f  tst [Reg(Reg { class: X, num: 2, is_sp: false }), Imm(3)]
000064  54000001  b.Ne L2
000068  8a020024  and [Reg(Reg { class: X, num: 4, is_sp: false }), Reg(Reg { class: X, num: 1, is_sp: false }), Reg(Reg { class: X, num: 2, is_sp: false })]
00006c  aa0403e0  mov [Reg(Reg { class: X, num: 0, is_sp: false }), Reg(Reg { class: X, num: 4, is_sp: false })]
000070  14000000  b L3
000074  d2800040  mov [Reg(Reg { class: X, num: 0, is_sp: false }), Imm(2)]
000078  14000000  b L3
00007c  14000000  b L3
000080  910003bf  mov [Reg(Reg { class: X, num: 31, is_sp: true }), Reg(Reg { class: X, num: 29, is_sp: false })]
000084  a8c17bfd  ldp [Reg(Reg { class: X, num: 29, is_sp: false }), Reg(Reg { class: X, num: 30, is_sp: false }), Mem(Mem { base: Reg { class: X, num: 31, is_sp: true }, addr: PostIndex(16) })]
000088  d65f03c0  ret []
