000000  a9bf7bfd  stp [Reg(Reg { class: X, num: 29, is_sp: false }), Reg(Reg { class: X, num: 30, is_sp: false }), Mem(Mem { base: Reg { class: X, num: 31, is_sp: true }, addr: PreIndex(-16) })]
000004  910003fd  mov [Reg(Reg { class: X, num: 29, is_sp: false }), Reg(Reg { class: X, num: 31, is_sp: true })]
000008  58000002  ldr Reg { class: X, num: 2, is_sp: false }, =lit0
00000c  58000003  ldr Reg { class: X, num: 3, is_sp: false }, =lit0
000010  58000003  ldr Reg { class: X, num: 3, is_sp: false }, =lit0
000014  58000004  ldr Reg { class: X, num: 4, is_sp: false }, =lit0
000018  d2800005  movz [Reg(Reg { class: X, num: 5, is_sp: false }), Imm(0)]
00001c  aa0503e2  mov [Reg(Reg { class: X, num: 2, is_sp: false }), Reg(Reg { class: X, num: 5, is_sp: false })]
000020  d2800085  movz [Reg(Reg { class: X, num: 5, is_sp: false }), Imm(4)]
000024  aa0503e3  mov [Reg(Reg { class: X, num: 3, is_sp: false }), Reg(Reg { class: X, num: 5, is_sp: false })]
000028  aa0103e6  mov [Reg(Reg { class: X, num: 6, is_sp: false }), Reg(Reg { class: X, num: 1, is_sp: false })]
00002c  aa0603e4  mov [Reg(Reg { class: X, num: 4, is_sp: false }), Reg(Reg { class: X, num: 6, is_sp: false })]
000030  aa0503e6  mov [Reg(Reg { class: X, num: 6, is_sp: false }), Reg(Reg { class: X, num: 5, is_sp: false })]
000034  aa0303e5  mov [Reg(Reg { class: X, num: 5, is_sp: false }), Reg(Reg { class: X, num: 3, is_sp: false })]
000038  aa0403e1  mov [Reg(Reg { class: X, num: 1, is_sp: false }), Reg(Reg { class: X, num: 4, is_sp: false })]
00003c  f24004bf  tst [Reg(Reg { class: X, num: 5, is_sp: false }), Imm(3)]
000040  54000001  b.Ne L5
000044  f240043f  tst [Reg(Reg { class: X, num: 1, is_sp: false }), Imm(3)]
000048  54000001  b.Ne L5
00004c  eb0100bf  cmp [Reg(Reg { class: X, num: 5, is_sp: false }), Reg(Reg { class: X, num: 1, is_sp: false })]
000050  5400000d  b.Le L2
000054  14000000  b L3
000058  aa0203ed  mov [Reg(Reg { class: X, num: 13, is_sp: false }), Reg(Reg { class: X, num: 2, is_sp: false })]
00005c  aa0d03e0  mov [Reg(Reg { class: X, num: 0, is_sp: false }), Reg(Reg { class: X, num: 13, is_sp: false })]
000060  14000000  b L6
000064  aa0203e7  mov [Reg(Reg { class: X, num: 7, is_sp: false }), Reg(Reg { class: X, num: 2, is_sp: false })]
000068  aa0303e8  mov [Reg(Reg { class: X, num: 8, is_sp: false }), Reg(Reg { class: X, num: 3, is_sp: false })]
00006c  f24004ff  tst [Reg(Reg { class: X, num: 7, is_sp: false }), Imm(3)]
000070  54000001  b.Ne L5
000074  f240051f  tst [Reg(Reg { class: X, num: 8, is_sp: false }), Imm(3)]
000078  54000001  b.Ne L5
00007c  ab0800e9  adds [Reg(Reg { class: X, num: 9, is_sp: false }), Reg(Reg { class: X, num: 7, is_sp: false }), Reg(Reg { class: X, num: 8, is_sp: false })]
000080  54000006  b.Vs L5
000084  aa0903e2  mov [Reg(Reg { class: X, num: 2, is_sp: false }), Reg(Reg { class: X, num: 9, is_sp: false })]
000088  aa0303ea  mov [Reg(Reg { class: X, num: 10, is_sp: false }), Reg(Reg { class: X, num: 3, is_sp: false })]
00008c  d280008b  movz [Reg(Reg { class: X, num: 11, is_sp: false }), Imm(4)]
000090  f240055f  tst [Reg(Reg { class: X, num: 10, is_sp: false }), Imm(3)]
000094  54000001  b.Ne L5
000098  f240057f  tst [Reg(Reg { class: X, num: 11, is_sp: false }), Imm(3)]
00009c  54000001  b.Ne L5
0000a0  ab0b014c  adds [Reg(Reg { class: X, num: 12, is_sp: false }), Reg(Reg { class: X, num: 10, is_sp: false }), Reg(Reg { class: X, num: 11, is_sp: false })]
0000a4  54000006  b.Vs L5
0000a8  aa0c03e3  mov [Reg(Reg { class: X, num: 3, is_sp: false }), Reg(Reg { class: X, num: 12, is_sp: false })]
0000ac  b9402390  ldr [Reg(Reg { class: W, num: 16, is_sp: false }), Mem(Mem { base: Reg { class: X, num: 28, is_sp: false }, addr: Offset(32) })]
0000b0  b4000010  cbz Reg { class: X, num: 16, is_sp: false } L7
0000b4  58000010  ldr Reg { class: X, num: 16, is_sp: false }, =lit3
0000b8  d63f0200  blr [Reg(Reg { class: X, num: 16, is_sp: false })]
0000bc  14000000  b L1
0000c0  d2800040  mov [Reg(Reg { class: X, num: 0, is_sp: false }), Imm(2)]
0000c4  14000000  b L6
0000c8  14000000  b L6
0000cc  910003bf  mov [Reg(Reg { class: X, num: 31, is_sp: true }), Reg(Reg { class: X, num: 29, is_sp: false })]
0000d0  a8c17bfd  ldp [Reg(Reg { class: X, num: 29, is_sp: false }), Reg(Reg { class: X, num: 30, is_sp: false }), Mem(Mem { base: Reg { class: X, num: 31, is_sp: true }, addr: PostIndex(16) })]
0000d4  d65f03c0  ret []
