000000  a9bf7bfd  stp [Reg(Reg { class: X, num: 29, is_sp: false }), Reg(Reg { class: X, num: 30, is_sp: false }), Mem(Mem { base: Reg { class: X, num: 31, is_sp: true }, addr: PreIndex(-16) })]
000004  910003fd  mov [Reg(Reg { class: X, num: 29, is_sp: false }), Reg(Reg { class: X, num: 31, is_sp: true })]
000008  d10103ff  sub [Reg(Reg { class: X, num: 31, is_sp: true }), Reg(Reg { class: X, num: 31, is_sp: true }), Imm(64)]
00000c  f81f83a0  str [Reg(Reg { class: X, num: 0, is_sp: false }), Mem(Mem { base: Reg { class: X, num: 29, is_sp: false }, addr: Offset(-8) })]
000010  aa0003f5  mov [Reg(Reg { class: X, num: 21, is_sp: false }), Reg(Reg { class: X, num: 0, is_sp: false })]
000014  f81f03a1  str [Reg(Reg { class: X, num: 1, is_sp: false }), Mem(Mem { base: Reg { class: X, num: 29, is_sp: false }, addr: Offset(-16) })]
000018  aa0103f6  mov [Reg(Reg { class: X, num: 22, is_sp: false }), Reg(Reg { class: X, num: 1, is_sp: false })]
00001c  d2800790  movz [Reg(Reg { class: X, num: 16, is_sp: false }), Imm(60)]
000020  f81e83b0  str [Reg(Reg { class: X, num: 16, is_sp: false }), Mem(Mem { base: Reg { class: X, num: 29, is_sp: false }, addr: Offset(-24) })]
000024  aa1003f7  mov [Reg(Reg { class: X, num: 23, is_sp: false }), Reg(Reg { class: X, num: 16, is_sp: false })]
000028  f24006df  tst [Reg(Reg { class: X, num: 22, is_sp: false }), Imm(3)]
00002c  54000001  b.Ne L3
000030  f24006ff  tst [Reg(Reg { class: X, num: 23, is_sp: false }), Imm(3)]
000034  54000001  b.Ne L3
000038  8a1702d0  and [Reg(Reg { class: X, num: 16, is_sp: false }), Reg(Reg { class: X, num: 22, is_sp: false }), Reg(Reg { class: X, num: 23, is_sp: false })]
00003c  f81e03b0  str [Reg(Reg { class: X, num: 16, is_sp: false }), Mem(Mem { base: Reg { class: X, num: 29, is_sp: false }, addr: Offset(-32) })]
000040  aa1003e6  mov [Reg(Reg { class: X, num: 6, is_sp: false }), Reg(Reg { class: X, num: 16, is_sp: false })]
000044  58000010  ldr Reg { class: X, num: 16, is_sp: false }, =lit4
000048  f81d83b0  str [Reg(Reg { class: X, num: 16, is_sp: false }), Mem(Mem { base: Reg { class: X, num: 29, is_sp: false }, addr: Offset(-40) })]
00004c  aa1003e7  mov [Reg(Reg { class: X, num: 7, is_sp: false }), Reg(Reg { class: X, num: 16, is_sp: false })]
000050  f24006df  tst [Reg(Reg { class: X, num: 22, is_sp: false }), Imm(3)]
000054  54000001  b.Ne L5
000058  f24004ff  tst [Reg(Reg { class: X, num: 7, is_sp: false }), Imm(3)]
00005c  54000001  b.Ne L5
000060  ca0702d0  eor [Reg(Reg { class: X, num: 16, is_sp: false }), Reg(Reg { class: X, num: 22, is_sp: false }), Reg(Reg { class: X, num: 7, is_sp: false })]
000064  f81d03b0  str [Reg(Reg { class: X, num: 16, is_sp: false }), Mem(Mem { base: Reg { class: X, num: 29, is_sp: false }, addr: Offset(-48) })]
000068  aa1003e8  mov [Reg(Reg { class: X, num: 8, is_sp: false }), Reg(Reg { class: X, num: 16, is_sp: false })]
00006c  f24004df  tst [Reg(Reg { class: X, num: 6, is_sp: false }), Imm(3)]
000070  54000001  b.Ne L7
000074  f240051f  tst [Reg(Reg { class: X, num: 8, is_sp: false }), Imm(3)]
000078  54000001  b.Ne L7
00007c  aa0800d0  orr [Reg(Reg { class: X, num: 16, is_sp: false }), Reg(Reg { class: X, num: 6, is_sp: false }), Reg(Reg { class: X, num: 8, is_sp: false })]
000080  f81c83b0  str [Reg(Reg { class: X, num: 16, is_sp: false }), Mem(Mem { base: Reg { class: X, num: 29, is_sp: false }, addr: Offset(-56) })]
000084  aa1003e9  mov [Reg(Reg { class: X, num: 9, is_sp: false }), Reg(Reg { class: X, num: 16, is_sp: false })]
000088  58000010  ldr Reg { class: X, num: 16, is_sp: false }, =lit4
00008c  f81c03b0  str [Reg(Reg { class: X, num: 16, is_sp: false }), Mem(Mem { base: Reg { class: X, num: 29, is_sp: false }, addr: Offset(-64) })]
000090  aa1003ea  mov [Reg(Reg { class: X, num: 10, is_sp: false }), Reg(Reg { class: X, num: 16, is_sp: false })]
000094  f240053f  tst [Reg(Reg { class: X, num: 9, is_sp: false }), Imm(3)]
000098  54000001  b.Ne L9
00009c  f240055f  tst [Reg(Reg { class: X, num: 10, is_sp: false }), Imm(3)]
0000a0  54000001  b.Ne L9
0000a4  8a0a0120  and [Reg(Reg { class: X, num: 0, is_sp: false }), Reg(Reg { class: X, num: 9, is_sp: false }), Reg(Reg { class: X, num: 10, is_sp: false })]
0000a8  14000000  b L10
0000ac  d43bc000  <raw>
0000b0  d43bc000  <raw>
0000b4  d43bc000  <raw>
0000b8  d43bc000  <raw>
0000bc  aa1503e0  mov [Reg(Reg { class: X, num: 0, is_sp: false }), Reg(Reg { class: X, num: 21, is_sp: false })]
0000c0  14000000  b L10
0000c4  910003bf  mov [Reg(Reg { class: X, num: 31, is_sp: true }), Reg(Reg { class: X, num: 29, is_sp: false })]
0000c8  a8c17bfd  ldp [Reg(Reg { class: X, num: 29, is_sp: false }), Reg(Reg { class: X, num: 30, is_sp: false }), Mem(Mem { base: Reg { class: X, num: 31, is_sp: true }, addr: PostIndex(16) })]
0000cc  d65f03c0  ret []
